
 ⛅️ wrangler 4.127.0
────────────────────
Using secrets defined in cloudflare/.dev.vars
Your Worker has access to the following bindings:
Binding                                                   Resource                  Mode
env.GLOBAL_SIEGE (SiegeWorld)                             Durable Object            local
env.DB (siegeme-ledger)                                   D1 Database               local
env.RULER_ASSETS (siegeme-ruler-assets)                   R2 Bucket                 local
env.DODO_PAYMENTS_ENVIRONMENT ("(hidden)")                Environment Variable      local
env.SESSION_SECRET ("(hidden)")                           Environment Variable      local
env.AUTHORITY_INTERNAL_SECRET ("(hidden)")                Environment Variable      local
env.DODO_PAYMENTS_API_KEY ("(hidden)")                    Environment Variable      local

⎔ Starting local server...
[33m▲ [43;33m[[43;30mWARNING[43;33m][0m [1mScheduled Workers are not automatically triggered during local development.[0m

  To manually trigger a scheduled event, run:
    curl "http://localhost:8787/cdn-cgi/local/scheduled"
  For more details, see [4mhttps://developers.cloudflare.com/workers/configuration/cron-triggers/#test-cron-triggers-locally[0m


Wrangler detected this dev session is running in an AI agent.
The Local Explorer API is available at http://localhost:8787/cdn-cgi/local/explorer/api
Useful routes:
  GET http://localhost:8787/cdn-cgi/local/explorer/api/local/workers - local Workers and bindings
  GET http://localhost:8787/cdn-cgi/local/explorer/api/storage/kv/namespaces - KV namespaces
  GET http://localhost:8787/cdn-cgi/local/explorer/api/d1/database - D1 databases
  GET http://localhost:8787/cdn-cgi/local/explorer/api/r2/buckets - R2 buckets
  GET http://localhost:8787/cdn-cgi/local/explorer/api/workers/durable_objects/namespaces - Durable Object namespaces
  GET http://localhost:8787/cdn-cgi/local/explorer/api/workflows - Workflows
  POST http://localhost:8787/cdn-cgi/local/explorer/api/local/observability/query - run a read-only SQL query (SELECT/WITH only) over captured request traces and console logs. Tables: spans, logs (read attributes via json(attributes)). Example:
    curl -X POST http://localhost:8787/cdn-cgi/local/explorer/api/local/observability/query -H 'Content-Type: application/json' -d '{"sql":"SELECT service, name, outcome, duration_ms FROM spans WHERE parent_id IS NULL LIMIT 20"}'
If the routes above don't cover what you need, fetch the full OpenAPI schema (large - use only as a last resort):
  GET http://localhost:8787/cdn-cgi/local/explorer/api - OpenAPI schema
[wrangler:info] Ready on http://localhost:8787
[wrangler:info] GET /world 200 OK (92ms)
[wrangler:info] GET /world 200 OK (37ms)
[wrangler:info] POST /internal/grants 200 OK (94ms)
[wrangler:info] GET /world 200 OK (25ms)
[wrangler:info] GET /ws 101 Switching Protocols (11ms)
[wrangler:info] GET /events 200 OK (460ms)
[wrangler:info] GET /events 200 OK (21ms)
[wrangler:info] POST /turn/claim 200 OK (165ms)
[wrangler:info] GET /events 200 OK (17ms)
[wrangler:info] POST /turn/cancel 200 OK (53ms)
[wrangler:info] GET /events 200 OK (37ms)
[wrangler:info] POST /turn/claim 200 OK (39ms)
[wrangler:info] GET /events 200 OK (101ms)
[wrangler:info] POST /turn/cancel 200 OK (29ms)
[wrangler:info] GET /events 200 OK (13ms)
[wrangler:info] POST /turn/claim 200 OK (40ms)
[wrangler:info] GET /events 200 OK (71ms)
[wrangler:info] POST /attack 200 OK (52ms)
[wrangler:info] GET /events 200 OK (60ms)
[wrangler:info] GET /entitlements 200 OK (27ms)
[wrangler:info] GET /world 200 OK (85ms)
[wrangler:info] GET /world 200 OK (179ms)
[wrangler:info] GET /ws 101 Switching Protocols (119ms)
[wrangler:info] GET /events 200 OK (152ms)
⎔ Reloading local server...
⎔ Local server updated and ready
⎔ Reloading local server...
⎔ Local server updated and ready
⎔ Reloading local server...
⎔ Local server updated and ready
⎔ Reloading local server...
⎔ Local server updated and ready
